root beta=[0.75,0.76] y=[-0.4,-0.39] s=[0.137,6.42019] D=[1,3.19] budget 200000
  nodes     5000  map    1978 schur    513 fit     0 undec 0  stack     19  depth  40  90s
  nodes    10000  map    3414 schur   1578 fit     0 undec 0  stack     17  depth  38  182s
  nodes    15000  map    4832 schur   2660 fit     0 undec 0  stack     17  depth  39  274s
  nodes    25000  map    7895 schur   4597 fit     0 undec 0  stack     17  depth  39  449s
  nodes    35000  map   11038 schur   6454 fit     0 undec 0  stack     17  depth  35  618s
  nodes    40000  map   12632 schur   7359 fit     0 undec 0  stack     19  depth  40  701s
  nodes    50000  map   15698 schur   9295 fit     0 undec 0  stack     15  depth  39  880s
nodes 55375  map 17792 schur 9896 fit 0 undecided 0  maxdepth 44  974.1 s  (17.6 ms/node)
SPLIT COUNT BY DEPTH (survivors per level is the sweep's exponent):
  depth   0 :        1 splits
  depth   4 :       14 splits
  depth   8 :       50 splits
  depth  12 :      104 splits
  depth  16 :      252 splits
  depth  20 :       18 splits
  depth  24 :       50 splits
  depth  28 :      229 splits
  depth  32 :      959 splits
  depth  36 :     2932 splits
  depth  40 :     1547 splits
  depth  43 :       15 splits
COMPLETE: every leaf discharged
EXIT 0
