working precision: 160 bits

=== F3_3p08_m0p08 beta=3.08 y=-0.08 D=0.0315
  side         |det| | relative enclosure width per stage
  thin     1.236e-34 | S0 1.0e-42  S1 2.0e-41  N0 3.2e-39  T00 7.3e-37  T01 2.7e-36  det 1.3e-36 | mv relw 2.9e-35  fires lit=True mv=True
  1e-04    2.958e-17 | S0 3.0e+01  S1 5.1e+02  N0 1.1e+05  T00 1.6e+05  T01 3.4e+06  det 6.3e+05 | mv relw 8.9e+04  fires lit=False mv=False
  1e-06    4.304e-23 | S0 3.0e-01  S1 3.2e+00  N0 9.3e+02  T00 1.2e+03  T01 7.2e+05  det 3.5e+03 | mv relw 5.7e+02  fires lit=False mv=False
  1e-08    6.561e-29 | S0 3.0e-03  S1 3.2e-02  N0 9.3e+00  T00 1.7e+01  T01 5.2e+03  det 4.0e+01 | mv relw 2.3e+01  fires lit=False mv=False
  1e-10    6.834e-34 | S0 3.0e-05  S1 3.2e-04  N0 9.3e-02  T00 2.6e+01  T01 7.9e+01  det 4.2e+01 | mv relw 3.1e+02  fires lit=False mv=False

=== F7_3p08_m0p92 beta=3.08 y=-0.92 D=0.0315
  side         |det| | relative enclosure width per stage
  thin     1.615e-36 | S0 2.0e-41  S1 6.7e-43  N0 3.9e-39  T00 7.3e-36  T01 1.8e-36  det 1.6e-35 | mv relw 6.0e-34  fires lit=True mv=True
  1e-04    1.453e-17 | S0 9.1e+02  S1 2.8e+01  N0 2.0e+05  T00 2.0e+05  T01 2.4e+06  det 4.3e+05 | mv relw 3.5e+16  fires lit=False mv=False
  1e-06    1.559e-23 | S0 5.2e+00  S1 2.8e-01  N0 1.6e+03  T00 1.6e+03  T01 6.7e+05  det 3.3e+03 | mv relw 3.5e+10  fires lit=False mv=False
  1e-08    2.454e-29 | S0 5.2e-02  S1 2.8e-03  N0 1.6e+01  T00 2.2e+01  T01 4.8e+03  det 3.8e+01 | mv relw 1.2e+02  fires lit=False mv=False
  1e-10    1.006e-34 | S0 5.2e-04  S1 2.8e-05  N0 1.6e-01  T00 1.4e+02  T01 7.3e+01  det 1.1e+02 | mv relw 5.0e-01  fires lit=False mv=True

=== F3_3p08_m0p08 beta=3.08 y=-0.08 D=0.0597
  side         |det| | relative enclosure width per stage
  thin     2.387e-28 | S0 3.7e-43  S1 6.5e-42  N0 2.3e-40  T00 3.0e-38  T01 4.2e-37  det 1.1e-37 | mv relw 7.1e-37  fires lit=True mv=True
  1e-04    7.586e-15 | S0 1.1e+01  S1 1.1e+02  N0 6.9e+03  T00 1.4e+04  T01 7.4e+06  det 3.0e+05 | mv relw 3.1e+04  fires lit=False mv=False
  1e-06    1.498e-20 | S0 1.1e-01  S1 1.1e+00  N0 6.8e+01  T00 1.3e+02  T01 1.2e+05  det 1.5e+03 | mv relw 2.5e+02  fires lit=False mv=False
  1e-08    8.729e-26 | S0 1.1e-03  S1 1.1e-02  N0 6.8e-01  T00 2.7e+01  T01 1.1e+03  det 5.6e+01 | mv relw 7.7e+01  fires lit=False mv=False
  1e-10    3.355e-28 | S0 1.1e-05  S1 1.1e-04  N0 6.8e-03  T00 8.9e-01  T01 1.2e+01  det 2.7e+00 | mv relw 8.3e+00  fires lit=False mv=False

=== F6_0p75_m0p98 beta=0.75 y=-0.98 D=1.4530
  side         |det| | relative enclosure width per stage
  thin     1.417e+04 | S0 3.1e-45  S1 8.8e-47  N0 3.8e-44  T00 9.4e-42  T01 3.8e-44  det 1.5e-41 | mv relw 1.2e-41  fires lit=True mv=True
  1e-04    1.167e+03 | S0 9.4e-02  S1 2.6e-03  N0 1.1e+00  T00 6.5e+02  T01 1.1e+00  det 5.5e+03 | mv relw 3.2e+01  fires lit=False mv=False
  1e-06    1.417e+04 | S0 9.4e-04  S1 2.6e-05  N0 1.1e-02  T00 2.8e+00  T01 1.2e-02  det 4.5e+00 | mv relw 3.2e-01  fires lit=False mv=True
  1e-08    1.417e+04 | S0 9.4e-06  S1 2.6e-07  N0 1.1e-04  T00 2.8e-02  T01 1.2e-04  det 4.5e-02 | mv relw 3.2e-03  fires lit=True mv=True
  1e-10    1.417e+04 | S0 9.4e-08  S1 2.6e-09  N0 1.1e-06  T00 2.8e-04  T01 1.2e-06  det 4.5e-04 | mv relw 3.2e-05  fires lit=True mv=True

=== F4_0p75_m0p4 beta=0.75 y=-0.40 D=3.1858
  side         |det| | relative enclosure width per stage
  thin     1.541e+03 | S0 3.7e-47  S1 4.7e-47  N0 1.7e-45  T00 1.8e-43  T01 2.1e-45  det 1.8e-43 | mv relw 1.3e-43  fires lit=True mv=True
  1e-04    1.534e+03 | S0 1.6e-03  S1 1.4e-03  N0 6.3e-02  T00 6.8e+00  T01 7.8e-02  det 6.8e+00 | mv relw 9.3e-01  fires lit=False mv=True
  1e-06    1.541e+03 | S0 1.6e-05  S1 1.4e-05  N0 6.3e-04  T00 6.8e-02  T01 7.8e-04  det 6.8e-02 | mv relw 9.2e-03  fires lit=True mv=True
  1e-08    1.541e+03 | S0 1.6e-07  S1 1.4e-07  N0 6.3e-06  T00 6.8e-04  T01 7.8e-06  det 6.8e-04 | mv relw 9.2e-05  fires lit=True mv=True
  1e-10    1.541e+03 | S0 1.6e-09  S1 1.4e-09  N0 6.3e-08  T00 6.8e-06  T01 7.8e-08  det 6.8e-06 | mv relw 9.2e-07  fires lit=True mv=True

DEPENDENCY HEADROOM: enclosure width / sampled true range
  witness                         D   side        |det|   true range     mv width     factor
  F3_3p08_m0p08              0.0315  1e-04    1.236e-34    1.225e-35    3.728e-14   3.04e+21
  F3_3p08_m0p08              0.0315  1e-06    1.236e-34    1.224e-37    2.473e-22   2.02e+15
  F7_3p08_m0p92              0.0315  1e-04    1.615e-36    2.251e-37    1.686e-15   7.49e+21
  F7_3p08_m0p92              0.0315  1e-06    1.615e-36    2.250e-39    1.674e-25   7.44e+13
  F3_3p08_m0p08              0.0597  1e-04    2.387e-28    2.423e-29    4.634e-12   1.91e+17
  F3_3p08_m0p08              0.0597  1e-06    2.387e-28    2.422e-31    5.141e-20   2.12e+11
  F6_0p75_m0p98              1.4530  1e-04    1.417e+04    3.294e+02    4.580e+05   1.39e+03
  F6_0p75_m0p98              1.4530  1e-06    1.417e+04    3.294e+00    4.556e+03   1.38e+03
EXIT 0
