non-exact-fit certified families read from replayed witnesses: 55

REQUIRED BOX SIDE, counts by decade
  form                         buckets
  literal, beta THIN           1e-02:14  1e-03:7  1e-04:8  1e-05:7  1e-06:7  1e-07:1  1e-08:3   UNRESOLVED(<1e-8):8
  mean-value, beta THIN        1e-01:1  1e-02:20  1e-03:12  1e-04:11  1e-05:3  1e-06:1  1e-07:2  1e-08:4   UNRESOLVED(<1e-8):1
  literal, beta WIDE (width h) 1e-02:14  1e-03:7  1e-04:7  1e-05:7  1e-06:8  1e-07:1  1e-08:3   UNRESOLVED(<1e-8):8
  mean-value, beta WIDE (width h) 1e-02:19  1e-03:8  1e-04:9  1e-05:6  1e-06:2  1e-07:2  1e-08:3   UNRESOLVED(<1e-8):6

PER FAMILY, sorted by student gap D (dist = |det| / (|d/ds|+|d/dD|+|d/dbeta|), central differences)
  witness                    beta      y        D       |det|       dist lit/thin  mv/thin lit/wide  mv/wide
  F3_3p08_m0p08              3.08  -0.08   0.0315   1.236e-34  1.009e-03       --    1e-08       --       --
  F7_3p08_m0p92              3.08  -0.92   0.0315   1.615e-36  7.179e-04       --       --       --       --
  F3_3p08_m0p08              3.08  -0.08   0.0597   2.387e-28  9.856e-04       --    1e-08       --       --
  F7_3p08_m0p92              3.08  -0.92   0.0597   3.269e-31  8.311e-04       --    1e-08       --       --
  F3_3p08_m0p08              3.08  -0.08   0.0961   7.505e-24  9.360e-04       --    1e-07       --       --
  F7_3p08_m0p92              3.08  -0.92   0.0961   1.628e-26  7.416e-04       --    1e-08       --    1e-08
  F2_0p3_m0p02               0.30  -0.02   0.1985   2.030e-12  2.326e-03       --    1e-06       --    1e-08
  F2_0p75_m0p02              0.75  -0.02   0.2019   4.128e-10  4.343e-03    1e-08    1e-05    1e-08    1e-07
  F6_0p75_m0p98              0.75  -0.98   0.2019   1.247e-13  3.969e-03       --    1e-07       --       --
  F2_1p5_m0p04               1.50  -0.04   0.3581   6.324e-03  1.081e-02    1e-06    1e-04    1e-06    1e-05
  F6_1p5_m0p96               1.50  -0.96   0.3581   2.904e-06  8.902e-03    1e-08    1e-05    1e-08    1e-08
  F2_2p2_m0p06               2.20  -0.06   0.3594   3.414e-03  1.129e-02    1e-06    1e-04    1e-06    1e-05
  F6_2p2_m0p94               2.20  -0.94   0.3594   6.393e-06  6.111e-03    1e-08    1e-05    1e-08    1e-07
  F5_3_m0p4                  3.00  -0.40   0.4143   5.023e-05  7.591e-03    1e-06    1e-04    1e-06    1e-06
  F5_3_m0p60                 3.00  -0.60   0.4143   2.681e-06  9.895e-03    1e-06    1e-04    1e-06    1e-05
  F5_3_m0p42                 3.00  -0.42   0.4526   5.699e-04  8.423e-03    1e-05    1e-04    1e-06    1e-05
  F5_3_m0p58                 3.00  -0.58   0.4526   3.912e-05  1.075e-02    1e-06    1e-04    1e-06    1e-04
  F1_0p75_0p4                0.75   0.40   0.5806   3.372e+00  2.351e-02    1e-05    1e-03    1e-05    1e-04
  F2_2p2_m0p06               2.20  -0.06   0.7226   6.823e+03  1.314e-02    1e-04    1e-03    1e-04    1e-04
  F6_2p2_m0p94               2.20  -0.94   0.7226   8.076e+00  9.920e-03    1e-06    1e-04    1e-06    1e-05
  F5_3_m0p5                  3.00  -0.50   0.8172   6.075e+02  2.022e-02    1e-04    1e-03    1e-04    1e-03
  F5_3_m0p5                  3.00  -0.50   0.8172   2.544e+03  1.659e-02    1e-04    1e-03    1e-04    1e-04
  F1_0p75_0p4                0.75   0.40   1.0730   1.356e+07  4.359e-02    1e-03    1e-02    1e-03    1e-03
  F2_1p5_m0p04               1.50  -0.04   1.1004   3.643e+07  1.612e-02    1e-04    1e-03    1e-04    1e-03
  F6_1p5_m0p96               1.50  -0.96   1.1004   2.149e+04  1.003e-02    1e-05    1e-03    1e-05    1e-04
  F5_2p8_m0p5                2.80  -0.50   1.3802   3.437e+07  4.122e-02    1e-03    1e-02    1e-03    1e-02
  F5_2p8_m0p5                2.80  -0.50   1.3802   2.190e+08  3.199e-02    1e-03    1e-02    1e-03    1e-02
  F6_0p75_m0p98              0.75  -0.98   1.4530   1.417e+04  4.300e-03    1e-07    1e-04    1e-07    1e-06
  F2_0p75_m0p02              0.75  -0.02   1.4530   1.236e+08  7.805e-03    1e-04    1e-03    1e-04    1e-03
  F2_2p2_m0p06               2.20  -0.06   1.5485   1.890e+08  1.240e-02    1e-03    1e-02    1e-03    1e-03
  F6_2p2_m0p94               2.20  -0.94   1.5485   6.944e+05  8.126e-03    1e-04    1e-03    1e-04    1e-03
  F2_0p3_m0p02               0.30  -0.02   1.6045   3.389e+06  3.807e-03    1e-05    1e-03    1e-05    1e-04
  F1_0p75_0p4                0.75   0.40   1.8261   2.710e+07  8.075e-02    1e-03    1e-02    1e-03    1e-02
  F5_2p6_m0p5                2.60  -0.50   1.8836   2.396e+09  7.279e-02    1e-02    1e-02    1e-02    1e-02
  F5_2p6_m0p5                2.60  -0.50   1.8836   1.815e+10  5.306e-02    1e-02    1e-02    1e-02    1e-02
  F5_3_m0p42                 3.00  -0.42   1.9373   1.105e+10  7.668e-02    1e-02    1e-02    1e-02    1e-02
  F5_3_m0p58                 3.00  -0.58   1.9373   1.845e+10  5.749e-02    1e-02    1e-02    1e-02    1e-02
  F4_2_m0p3                  2.00  -0.30   2.2664   4.429e+10  6.487e-02    1e-02    1e-02    1e-02    1e-02
  F5_2p4_m0p5                2.40  -0.50   2.4166   1.254e+10  1.376e-01    1e-02    1e-02    1e-02    1e-02
  F5_2p4_m0p5                2.40  -0.50   2.4166   1.162e+11  1.004e-01    1e-02    1e-02    1e-02    1e-02
  F2_1p5_m0p04               1.50  -0.04   2.4214   4.354e+09  1.594e-02    1e-03    1e-02    1e-03    1e-02
  F6_1p5_m0p96               1.50  -0.96   2.4214   3.530e+06  8.562e-03    1e-04    1e-03    1e-05    1e-04
  F1_0p75_0p4                0.75   0.40   2.4249   3.244e+09  1.530e-01    1e-02    1e-02    1e-02    1e-02
  F5_3_m0p42                 3.00  -0.42   2.4289   6.091e+10  1.432e-01    1e-02    1e-02    1e-02    1e-02
  F5_3_m0p58                 3.00  -0.58   2.4289   9.151e+10  1.017e-01    1e-02    1e-02    1e-02    1e-02
  F2_0p75_m0p02              0.75  -0.02   2.8831   1.364e+08  7.949e-03    1e-04    1e-03    1e-04    1e-03
  F6_0p75_m0p98              0.75  -0.98   2.8831   1.213e+03  3.594e-03    1e-06    1e-04    1e-06    1e-05
  F4_1p5_m0p6                1.50  -0.60   2.9582   1.861e+08  4.275e-02    1e-03    1e-02    1e-03    1e-02
  F2_0p3_m0p02               0.30  -0.02   3.0528   2.313e+05  4.102e-03    1e-05    1e-03    1e-05    1e-03
  F4_0p3_m0p5                0.30  -0.50   3.1416   4.367e-02  1.601e-04    1e-05    1e-04    1e-05    1e-04
  F5_2p4_m0p5                2.40  -0.50   3.1416   1.471e+10  9.201e-02    1e-02    1e-02    1e-02    1e-02
  F5_2p6_m0p5                2.60  -0.50   3.1416   2.815e+10  1.284e-01    1e-02    1e-02    1e-02    1e-02
  F5_2p8_m0p5                2.80  -0.50   3.1416   4.726e+10  1.838e-01    1e-02    1e-02    1e-02    1e-02
  F5_3_m0p5                  3.00  -0.50   3.1416   7.022e+10  2.774e-01    1e-02    1e-01    1e-02    1e-02
  F4_0p75_m0p4               0.75  -0.40   3.1858   1.541e+03  3.294e-04    1e-05    1e-04    1e-05    1e-04

D-SCALING of the distance-to-a-zero (this is what closes the small-gap band):
  D in [0.00, 0.05):  2 families, dist min 7.18e-04 max 1.01e-03
  D in [0.05, 0.15):  4 families, dist min 7.42e-04 max 9.86e-04
  D in [0.15, 0.30):  3 families, dist min 2.33e-03 max 4.34e-03
  D in [0.30, 0.50):  8 families, dist min 6.11e-03 max 1.13e-02
  D in [0.50, 1.00):  5 families, dist min 9.92e-03 max 2.35e-02
  D in [1.00, 10.00): 33 families, dist min 1.60e-04 max 2.77e-01
EXIT 0
