
DEPENDENCY FACTOR at box side 1e-4, all families, by gap
  witness                         D        |det|   true range     mv width     factor
  F3_3p08_m0p08              0.0315    1.236e-34    1.225e-35    3.728e-14   3.04e+21
  F7_3p08_m0p92              0.0315    1.615e-36    2.251e-37    1.686e-15   7.49e+21
  F3_3p08_m0p08              0.0597    2.387e-28    2.423e-29    4.634e-12   1.91e+17
  F7_3p08_m0p92              0.0597    3.269e-31    3.934e-32    1.234e-13   3.14e+18
  F3_3p08_m0p08              0.0961    7.505e-24    8.020e-25    1.730e-10   2.16e+14
  F7_3p08_m0p92              0.0961    1.628e-26    2.195e-27    3.163e-12   1.44e+15
  F2_0p3_m0p02               0.1985    2.030e-12    8.727e-14    1.973e-06   2.26e+07
  F6_0p75_m0p98              0.2019    1.247e-13    3.142e-15    2.613e-06   8.32e+08
  F2_0p75_m0p02              0.2019    4.128e-10    9.505e-12    6.475e-06   6.81e+05
  F6_1p5_m0p96               0.3581    2.904e-06    3.262e-08    7.053e-03   2.16e+05
  F2_1p5_m0p04               0.3581    6.324e-03    5.851e-05    5.522e-02   9.44e+02
  F2_2p2_m0p06               0.3594    3.414e-03    3.023e-05    3.738e-02   1.24e+03
  F6_2p2_m0p94               0.3594    6.393e-06    1.046e-07    1.513e-03   1.45e+04
  F5_3_m0p4                  0.4143    5.023e-05    6.617e-07    1.724e-03   2.61e+03
  F5_3_m0p60                 0.4143    2.681e-06    2.710e-08    7.567e-06   2.79e+02
  F5_3_m0p58                 0.4526    3.912e-05    3.639e-07    5.187e-05   1.43e+02
  F5_3_m0p42                 0.4526    5.699e-04    6.766e-06    9.866e-03   1.46e+03
  F1_0p75_0p4                0.5806    3.372e+00    1.434e-02    1.995e+00   1.39e+02
  F6_2p2_m0p94               0.7226    8.076e+00    8.141e-02    2.949e+01   3.62e+02
  F2_2p2_m0p06               0.7226    6.823e+03    5.194e+01    1.966e+03   3.79e+01
  F5_3_m0p5                  0.8172    6.075e+02    3.004e+00    2.730e+01   9.09e+00
  F5_3_m0p5                  0.8172    2.544e+03    1.534e+01    6.864e+02   4.48e+01
  F1_0p75_0p4                1.0730    1.356e+07    3.111e+04    2.722e+05   8.75e+00
  F6_1p5_m0p96               1.1004    2.149e+04    2.143e+02    8.121e+03   3.79e+01
  F2_1p5_m0p04               1.1004    3.643e+07    2.260e+05    1.356e+06   6.00e+00
  F5_2p8_m0p5                1.3802    3.437e+07    8.339e+04    2.345e+05   2.81e+00
  F5_2p8_m0p5                1.3802    2.190e+08    6.846e+05    2.384e+06   3.48e+00
  F6_0p75_m0p98              1.4530    1.417e+04    3.294e+02    4.580e+05   1.39e+03
  F2_0p75_m0p02              1.4530    1.236e+08    1.584e+06    1.322e+07   8.35e+00
  F2_2p2_m0p06               1.5485    1.890e+08    1.524e+06    4.740e+06   3.11e+00
  F6_2p2_m0p94               1.5485    6.944e+05    8.546e+03    7.665e+04   8.97e+00
  F2_0p3_m0p02               1.6045    3.389e+06    8.903e+04    2.599e+06   2.92e+01
  F1_0p75_0p4                1.8261    2.710e+07    3.356e+04    1.758e+05   5.24e+00
  F5_2p6_m0p5                1.8836    1.815e+10    3.421e+07    6.513e+07   1.90e+00
  F5_2p6_m0p5                1.8836    2.396e+09    3.291e+06    7.089e+06   2.15e+00
  F5_3_m0p42                 1.9373    1.105e+10    1.441e+07    3.072e+07   2.13e+00
  F5_3_m0p58                 1.9373    1.845e+10    3.210e+07    6.366e+07   1.98e+00
  F4_2_m0p3                  2.2664    4.429e+10    6.827e+07    1.073e+08   1.57e+00
  F5_2p4_m0p5                2.4166    1.254e+10    9.118e+06    1.982e+07   2.17e+00
  F5_2p4_m0p5                2.4166    1.162e+11    1.157e+08    1.948e+08   1.68e+00
  F2_1p5_m0p04               2.4214    4.354e+09    2.732e+07    3.537e+07   1.29e+00
  F6_1p5_m0p96               2.4214    3.530e+06    4.123e+04    1.206e+06   2.93e+01
  F1_0p75_0p4                2.4249    3.244e+09    2.121e+06    9.774e+06   4.61e+00
  F5_3_m0p42                 2.4289    6.091e+10    4.253e+07    9.264e+07   2.18e+00
  F5_3_m0p58                 2.4289    9.151e+10    8.997e+07    1.587e+08   1.76e+00
  F2_0p75_m0p02              2.8831    1.364e+08    1.716e+06    2.263e+06   1.32e+00
  F6_0p75_m0p98              2.8831    1.213e+03    3.374e+01    1.049e+04   3.11e+02
  F4_1p5_m0p6                2.9582    1.861e+08    4.354e+05    8.907e+05   2.05e+00
  F2_0p3_m0p02               3.0528    2.313e+05    5.638e+03    1.626e+04   2.88e+00
  F5_2p8_m0p5                3.1416    4.726e+10    2.571e+07    5.044e+07   1.96e+00
  F4_0p3_m0p5                3.1416    4.367e-02    2.727e-02    4.922e-02   1.81e+00
  F5_2p4_m0p5                3.1416    1.471e+10    1.599e+07    2.628e+07   1.64e+00
  F5_2p6_m0p5                3.1416    2.815e+10    2.192e+07    3.867e+07   1.76e+00
  F5_3_m0p5                  3.1416    7.022e+10    2.532e+07    5.846e+07   2.31e+00
  F4_0p75_m0p4               3.1858    1.541e+03    4.677e+02    1.437e+03   3.07e+00
EXIT 0
