row 7a exclusion  beta=[0.75,0.76] y=[-0.03,-0.02] gap=[1,3.1]  budget 4000000
  nodes     5000  map    1601 safe    895 undec 0  stack      9  volume decided 0.593261  97s
  nodes    10000  map    3084 safe   1912 undec 0  stack      9  volume decided 0.593475  206s
  nodes    15000  map    4538 safe   2956 undec 0  stack     13  volume decided 0.593485  313s
  nodes    25000  map    7269 safe   5226 undec 0  stack     11  volume decided 0.593493  506s
  nodes    30000  map    8617 safe   6379 undec 0  stack      9  volume decided 0.593549  595s
  nodes    40000  map   11570 safe   8426 undec 0  stack      9  volume decided 0.593561  784s
  nodes    45000  map   12938 safe   9556 undec 0  stack     13  volume decided 0.593572  885s
  nodes    50000  map   14453 safe  10543 undec 0  stack      9  volume decided 0.593578  992s
  nodes    55000  map   15895 safe  11598 undec 0  stack     15  volume decided 0.593583  1097s
  nodes    70000  map   20073 safe  14920 undec 0  stack     15  volume decided 0.593633  1377s
  nodes    80000  map   23321 safe  16674 undec 0  stack     11  volume decided 0.606928  1546s
  nodes    95000  map   30816 safe  16678 undec 0  stack     13  volume decided 0.607147  1752s
  nodes   100000  map   33317 safe  16678 undec 0  stack     11  volume decided 0.607157  1821s
  nodes   105000  map   35815 safe  16680 undec 0  stack     11  volume decided 0.607164  1889s
  nodes   110000  map   38311 safe  16683 undec 0  stack     13  volume decided 0.607222  1958s
  nodes   115000  map   40810 safe  16683 undec 0  stack     15  volume decided 0.607229  2026s
  nodes   120000  map   43310 safe  16683 undec 0  stack     15  volume decided 0.607232  2094s
  nodes   125000  map   45807 safe  16687 undec 0  stack     13  volume decided 0.607244  2163s
  nodes   135000  map   50805 safe  16687 undec 0  stack     17  volume decided 0.607251  2300s
  nodes   160000  map   63273 safe  16722 undec 0  stack     11  volume decided 0.607818  2645s
  nodes   165000  map   65773 safe  16722 undec 0  stack     11  volume decided 0.607843  2713s
  nodes   180000  map   73270 safe  16724 undec 0  stack     13  volume decided 0.608017  2915s
  nodes   195000  map   80770 safe  16724 undec 0  stack     13  volume decided 0.608419  3116s
  nodes   200000  map   83269 safe  16724 undec 0  stack     15  volume decided 0.608427  3184s
  nodes   205000  map   85765 safe  16726 undec 0  stack     19  volume decided 0.608444  3252s
  nodes   215000  map   88909 safe  18586 undec 0  stack     11  volume decided 0.612175  3422s
  nodes   220000  map   90442 safe  19552 undec 0  stack     13  volume decided 0.612180  3506s
